Standard library loaded.
<lambda>
<lambda>
<lambda>
<lambda>
<lambda>
<lambda>
<lambda>
(0 0 1)
17
17.000000
(10 10.000000 10)
(10.000000 10 10.000000)
(10 "10" 10)
(10.000000 "10.000000" 10.000000)
("10" 10 "10")
("10.0" 10.000000 "10.000000")
(12.000000 7.000000 -7.000000 -12.000000)
(7.000000 12.000000 -12.000000 -7.000000)
(23.750000 -23.750000 -23.750000 23.750000)
(3.800000 -3.800000 -3.800000 3.800000)
(2.000000 -0.500000 0.500000 -2.000000)
(tru tru tru tru)
(11 7 -7 -11)
(7 11 -11 -7)
(18 -18 -18 18)
(4 -4 -4 4)
(1 1 -1 -1)
(tru tru tru tru)
((5 5.000000 -5.000000) (5.000000 6.000000 6.000000) (-5.000000 -6.000000 -6.000000))
((5 5.000000 -5.000000) (5.000000 5.000000 5.000000) (-6.000000 -6.000000 -6.000000))
((5 5.000000 -5.000000) (6.000000 6.000000 6.000000) (-5.000000 -5.000000 -5.000000))
((5 5.000000 -5.000000) (5.000000 5.000000 5.000000) (-5.000000 -5.000000 -5.000000))
"0x120056"
"0xffff"
"0xaaaa"
"0xffffffffffffff00"
"0xff"
"0xff00"
