Standard library loaded.
10
<primitive 0xDEADBEEF>
<lambda>
70
<lambda>
10
<lambda>
30
<lambda>
33
<lambda>
120
<lambda>
120
