<lambda>
<lambda>
<lambda>
<lambda>
<lambda>
<lambda>
<lambda>
<lambda>
Data: 8
Logs:
  Added 5+6=11
  Subtracted 11-3=8
(8 "Added 5+6=11" "Subtracted 11-3=8")
Data: 12
Logs:
  Added 5+6=11
  Subtracted 11-3=8
  Added 8+4=12
(12 "Added 5+6=11" "Subtracted 11-3=8" "Added 8+4=12")
