Standard library loaded.
<lambda>
<lambda>
<lambda>
120
